[1m[90m[TAILING] Tailing last 20 lines for [cmv-discovery] process (change the value with --lines option)[39m[22m
